I'm sorry, but errors were detected in your script. Please correct the
errors listed below, and try again.


File "game/script.rpy", line 199: expected statement.
    X
     ^

Ren'Py Version: Ren'Py 8.3.2.24090902
Mon Nov 11 13:02:26 2024
